
============================================================
Payload Schema Validation
============================================================

Γ£à team_name
Γ£à church_name
Γ£à captain_name
Γ£à captain_phone
Γ£à captain_email
Γ£à captain_whatsapp
Γ£à vice_captain_name
Γ£à vice_captain_phone
Γ£à vice_captain_email
Γ£à vice_captain_whatsapp
Γ£à payment_receipt
Γ£à pastor_letter
Γ£à players

≡ƒôï Player Schema Check (11 players):
  Γ£à name
  Γ£à age
  Γ£à phone
  Γ£à role
  Γ£à jersey_number
  Γ£à aadhar_file
  Γ£à subscription_file

≡ƒôè Results: 20 passed, 0 failed


============================================================
ICCT26 Frontend-Backend Integration Test
============================================================

≡ƒôï Test Payload:
{
  "team_name": "Test Team 1762940050038",
  "church_name": "St. James Church",
  "captain_name": "Captain Test",
  "captain_phone": "9876543210",
  "captain_email": "captain@test.com",
  "captain_whatsapp": "9876543210",
  "vice_captain_name": "Vice Captain Test",
  "vice_captain_phone": "9876543211",
  "vice_captain_email": "vicecaptain@test.com",
  "vice_captain_whatsapp": "9876543211",
  "payment_receipt": "data:image/jpeg;base64,/9j/4AAQSkZJRgABAQEAYABgAAD/2wBDAAEBAQEBAQEBAQEBAQEBAQEBAQEBA...

≡ƒÜÇ Sending request to: https://icct26-backend.onrender.com/api/register/team
Method: POST
Content-Type: application/json

≡ƒôè Response Status: 422 Unprocessable Entity

≡ƒôÑ Response Data:
{
  "success": false,
  "message": "Validation failed: Value error, Pastor Letter/Payment Receipt: Invalid Base64 data: Invalid base64-encoded string: number of data characters (589) cannot be 1 more than a multiple of 4",
  "field": "body -> pastor_letter",
  "error_type": "value_error",
  "details": [
    {
      "type": "value_error",
      "loc": [
        "body",
        "pastor_letter"
      ],
      "msg": "Value error, Pastor Letter/Payment Receipt: Invalid Base64 data: Invalid base64-encoded string: number of data characters (589) cannot be 1 more than a multiple of 4",
      "input": "data:application/pdf;base64,JVBERi0xLjQKJeLjz9MNCjEgMCBvYmo8PC9UeXBlL0NhdGFsb2cvUGFnZXMgMiAwIFI+PmVuZG9iagoyIDAgb2JqPDwvVHlwZS9QYWdlcwovS2lkc1szIDAgUl0vQ291bnQgMT4+ZW5kCjMgMCBvYmo8PC9UeXBlL1BhZ2UvTWVkaWFCb3hbMCAwIDYxMiA3OTJdL1BhcmVudCAyIDAgUi9SZXNvdXJjZXM8PC9Gb250PDwvRjE8PC9UeXBlL0ZvbnQvU3VidHlwZS9UeXBlMS9CYXNlRm9udC9IZWxtZXRpY2E+Pj4+Pj4vUHJvY1NldFs+XT4vQ29udGVudHMgNCAwIFI+PmVuZG9iCjQgMCBvYmo8PC9MZW5ndGggNDQvRmlsdGVyL0ZsYXRlRGVjb2RlPj5zdHJlYW0KeJwr5HIKZXLh0uRyVVGqKkWFBdkpOZlpmSmVXJpcDkxGBZn56ZVcmlxOXIpcPlyKXH5chiXZ+XmVXJpcDlyKXH5cunwuXD5cunwKXAZcDlyGXA5chlwOXIZcDlyGXAZcDlyGXAZcDlyGXAZcBlwOXAZcDlyGXAZcDlyGXAZcD",
      "ctx": {
        "error": "Pastor Letter/Payment Receipt: Invalid Base64 data: Invalid base64-encoded string: number of data characters (589) cannot be 1 more than a multiple of 4"
      }
    },
    {
      "type": "missing",
      "loc": [
        "body",
        "captain"
      ],
      "msg": "Field required",
      "input": {
        "team_name": "Test Team 1762940050038",
        "church_name": "St. James Church",
        "captain_name": "Captain Test",
        "captain_phone": "9876543210",
        "captain_email": "captain@test.com",
        "captain_whatsapp": "9876543210",
        "vice_captain_name": "Vice Captain Test",
        "vice_captain_phone": "9876543211",
        "vice_captain_email": "vicecaptain@test.com",
        "vice_captain_whatsapp": "9876543211",
        "payment_receipt": "data:image/jpeg;base64,/9j/4AAQSkZJRgABAQEAYABgAAD/2wBDAAEBAQEBAQEBAQEBAQEBAQEBAQEBAQEBAQEBAQEBAQEBAQEBAQEBAQEBAQEBAQEBAQEBAQEBAQEBAQEBAQEBAQH/2wBDAQEBAQEBAQEBAQEBAQEBAQEBAQEBAQEBAQEBAQEBAQEBAQEBAQEBAQEBAQEBAQEBAQEBAQEBAQEBAQEBAQEBAQH/wAARCAABAAEDASIAAhEBAxEB/8QAFQABAQAAAAAAAAAAAAAAAAAAAAv/xAAUEAEAAAAAAAAAAAAAAAAAAAAA/8VAFQEBAQAAAAAAAAAAAAAAAAAAAAX/xAAUEQEAAAAAAAAAAAAAAAAAAAAA/9oADAMBAAIRAxEAPwCwAA8A/9k=",
        "pastor_letter": "data:application/pdf;base64,JVBERi0xLjQKJeLjz9MNCjEgMCBvYmo8PC9UeXBlL0NhdGFsb2cvUGFnZXMgMiAwIFI+PmVuZG9iagoyIDAgb2JqPDwvVHlwZS9QYWdlcwovS2lkc1szIDAgUl0vQ291bnQgMT4+ZW5kCjMgMCBvYmo8PC9UeXBlL1BhZ2UvTWVkaWFCb3hbMCAwIDYxMiA3OTJdL1BhcmVudCAyIDAgUi9SZXNvdXJjZXM8PC9Gb250PDwvRjE8PC9UeXBlL0ZvbnQvU3VidHlwZS9UeXBlMS9CYXNlRm9udC9IZWxtZXRpY2E+Pj4+Pj4vUHJvY1NldFs+XT4vQ29udGVudHMgNCAwIFI+PmVuZG9iCjQgMCBvYmo8PC9MZW5ndGggNDQvRmlsdGVyL0ZsYXRlRGVjb2RlPj5zdHJlYW0KeJwr5HIKZXLh0uRyVVGqKkWFBdkpOZlpmSmVXJpcDkxGBZn56ZVcmlxOXIpcPlyKXH5chiXZ+XmVXJpcDlyKXH5cunwuXD5cunwKXAZcDlyGXA5chlwOXIZcDlyGXAZcDlyGXAZcDlyGXAZcBlwOXAZcDlyGXAZcDlyGXAZcD",
        "players": [
          {
            "name": "Test Player 1",
            "age": 21,
            "phone": "98976543201",
            "role": "Bowler",
            "jersey_number": "01",
            "aadhar_file": "data:image/jpeg;base64,/9j/4AAQSkZJRgABAQEAYABgAAD/2wBDAAEBAQEBAQEBAQEBAQEBAQEBAQEBAQEBAQEBAQEBAQEBAQEBAQEBAQEBAQEBAQEBAQEBAQEBAQEBAQEBAQEBAQH/2wBDAQEBAQEBAQEBAQEBAQEBAQEBAQEBAQEBAQEBAQEBAQEBAQEBAQEBAQEBAQEBAQEBAQEBAQEBAQEBAQEBAQEBAQH/wAARCAABAAEDASIAAhEBAxEB/8QAFQABAQAAAAAAAAAAAAAAAAAAAAv/xAAUEAEAAAAAAAAAAAAAAAAAAAAA/8VAFQEBAQAAAAAAAAAAAAAAAAAAAAX/xAAUEQEAAAAAAAAAAAAAAAAAAAAA/9oADAMBAAIRAxEAPwCwAA8A/9k=",
            "subscription_file": "data:application/pdf;base64,JVBERi0xLjQKJeLjz9MNCjEgMCBvYmo8PC9UeXBlL0NhdGFsb2cvUGFnZXMgMiAwIFI+PmVuZG9iagoyIDAgb2JqPDwvVHlwZS9QYWdlcwovS2lkc1szIDAgUl0vQ291bnQgMT4+ZW5kCjMgMCBvYmo8PC9UeXBlL1BhZ2UvTWVkaWFCb3hbMCAwIDYxMiA3OTJdL1BhcmVudCAyIDAgUi9SZXNvdXJjZXM8PC9Gb250PDwvRjE8PC9UeXBlL0ZvbnQvU3VidHlwZS9UeXBlMS9CYXNlRm9udC9IZWxtZXRpY2E+Pj4+Pj4vUHJvY1NldFs+XT4vQ29udGVudHMgNCAwIFI+PmVuZG9iCjQgMCBvYmo8PC9MZW5ndGggNDQvRmlsdGVyL0ZsYXRlRGVjb2RlPj5zdHJlYW0KeJwr5HIKZXLh0uRyVVGqKkWFBdkpOZlpmSmVXJpcDkxGBZn56ZVcmlxOXIpcPlyKXH5chiXZ+XmVXJpcDlyKXH5cunwuXD5cunwKXAZcDlyGXA5chlwOXIZcDlyGXAZcDlyGXAZcDlyGXAZcBlwOXAZcDlyGXAZcDlyGXAZcD"
          },
          {
            "name": "Test Player 2",
            "age": 22,
            "phone": "98976543202",
            "role": "All-rounder",
            "jersey_number": "02",
            "aadhar_file": "data:image/jpeg;base64,/9j/4AAQSkZJRgABAQEAYABgAAD/2wBDAAEBAQEBAQEBAQEBAQEBAQEBAQEBAQEBAQEBAQEBAQEBAQEBAQEBAQEBAQEBAQEBAQEBAQEBAQEBAQEBAQEBAQH/2wBDAQEBAQEBAQEBAQEBAQEBAQEBAQEBAQEBAQEBAQEBAQEBAQEBAQEBAQEBAQEBAQEBAQEBAQEBAQEBAQEBAQEBAQH/wAARCAABAAEDASIAAhEBAxEB/8QAFQABAQAAAAAAAAAAAAAAAAAAAAv/xAAUEAEAAAAAAAAAAAAAAAAAAAAA/8VAFQEBAQAAAAAAAAAAAAAAAAAAAAX/xAAUEQEAAAAAAAAAAAAAAAAAAAAA/9oADAMBAAIRAxEAPwCwAA8A/9k=",
            "subscription_file": "data:application/pdf;base64,JVBERi0xLjQKJeLjz9MNCjEgMCBvYmo8PC9UeXBlL0NhdGFsb2cvUGFnZXMgMiAwIFI+PmVuZG9iagoyIDAgb2JqPDwvVHlwZS9QYWdlcwovS2lkc1szIDAgUl0vQ291bnQgMT4+ZW5kCjMgMCBvYmo8PC9UeXBlL1BhZ2UvTWVkaWFCb3hbMCAwIDYxMiA3OTJdL1BhcmVudCAyIDAgUi9SZXNvdXJjZXM8PC9Gb250PDwvRjE8PC9UeXBlL0ZvbnQvU3VidHlwZS9UeXBlMS9CYXNlRm9udC9IZWxtZXRpY2E+Pj4+Pj4vUHJvY1NldFs+XT4vQ29udGVudHMgNCAwIFI+PmVuZG9iCjQgMCBvYmo8PC9MZW5ndGggNDQvRmlsdGVyL0ZsYXRlRGVjb2RlPj5zdHJlYW0KeJwr5HIKZXLh0uRyVVGqKkWFBdkpOZlpmSmVXJpcDkxGBZn56ZVcmlxOXIpcPlyKXH5chiXZ+XmVXJpcDlyKXH5cunwuXD5cunwKXAZcDlyGXA5chlwOXIZcDlyGXAZcDlyGXAZcDlyGXAZcBlwOXAZcDlyGXAZcDlyGXAZcD"
          },
          {
            "name": "Test Player 3",
            "age": 23,
            "phone": "98976543203",
            "role": "Wicketkeeper",
            "jersey_number": "03",
            "aadhar_file": "data:image/jpeg;base64,/9j/4AAQSkZJRgABAQEAYABgAAD/2wBDAAEBAQEBAQEBAQEBAQEBAQEBAQEBAQEBAQEBAQEBAQEBAQEBAQEBAQEBAQEBAQEBAQEBAQEBAQEBAQEBAQEBAQH/2wBDAQEBAQEBAQEBAQEBAQEBAQEBAQEBAQEBAQEBAQEBAQEBAQEBAQEBAQEBAQEBAQEBAQEBAQEBAQEBAQEBAQEBAQH/wAARCAABAAEDASIAAhEBAxEB/8QAFQABAQAAAAAAAAAAAAAAAAAAAAv/xAAUEAEAAAAAAAAAAAAAAAAAAAAA/8VAFQEBAQAAAAAAAAAAAAAAAAAAAAX/xAAUEQEAAAAAAAAAAAAAAAAAAAAA/9oADAMBAAIRAxEAPwCwAA8A/9k=",
            "subscription_file": "data:application/pdf;base64,JVBERi0xLjQKJeLjz9MNCjEgMCBvYmo8PC9UeXBlL0NhdGFsb2cvUGFnZXMgMiAwIFI+PmVuZG9iagoyIDAgb2JqPDwvVHlwZS9QYWdlcwovS2lkc1szIDAgUl0vQ291bnQgMT4+ZW5kCjMgMCBvYmo8PC9UeXBlL1BhZ2UvTWVkaWFCb3hbMCAwIDYxMiA3OTJdL1BhcmVudCAyIDAgUi9SZXNvdXJjZXM8PC9Gb250PDwvRjE8PC9UeXBlL0ZvbnQvU3VidHlwZS9UeXBlMS9CYXNlRm9udC9IZWxtZXRpY2E+Pj4+Pj4vUHJvY1NldFs+XT4vQ29udGVudHMgNCAwIFI+PmVuZG9iCjQgMCBvYmo8PC9MZW5ndGggNDQvRmlsdGVyL0ZsYXRlRGVjb2RlPj5zdHJlYW0KeJwr5HIKZXLh0uRyVVGqKkWFBdkpOZlpmSmVXJpcDkxGBZn56ZVcmlxOXIpcPlyKXH5chiXZ+XmVXJpcDlyKXH5cunwuXD5cunwKXAZcDlyGXA5chlwOXIZcDlyGXAZcDlyGXAZcDlyGXAZcBlwOXAZcDlyGXAZcDlyGXAZcD"
          },
          {
            "name": "Test Player 4",
            "age": 24,
            "phone": "98976543204",
            "role": "Batsman",
            "jersey_number": "04",
            "aadhar_file": "data:image/jpeg;base64,/9j/4AAQSkZJRgABAQEAYABgAAD/2wBDAAEBAQEBAQEBAQEBAQEBAQEBAQEBAQEBAQEBAQEBAQEBAQEBAQEBAQEBAQEBAQEBAQEBAQEBAQEBAQEBAQEBAQH/2wBDAQEBAQEBAQEBAQEBAQEBAQEBAQEBAQEBAQEBAQEBAQEBAQEBAQEBAQEBAQEBAQEBAQEBAQEBAQEBAQEBAQEBAQH/wAARCAABAAEDASIAAhEBAxEB/8QAFQABAQAAAAAAAAAAAAAAAAAAAAv/xAAUEAEAAAAAAAAAAAAAAAAAAAAA/8VAFQEBAQAAAAAAAAAAAAAAAAAAAAX/xAAUEQEAAAAAAAAAAAAAAAAAAAAA/9oADAMBAAIRAxEAPwCwAA8A/9k=",
            "subscription_file": "data:application/pdf;base64,JVBERi0xLjQKJeLjz9MNCjEgMCBvYmo8PC9UeXBlL0NhdGFsb2cvUGFnZXMgMiAwIFI+PmVuZG9iagoyIDAgb2JqPDwvVHlwZS9QYWdlcwovS2lkc1szIDAgUl0vQ291bnQgMT4+ZW5kCjMgMCBvYmo8PC9UeXBlL1BhZ2UvTWVkaWFCb3hbMCAwIDYxMiA3OTJdL1BhcmVudCAyIDAgUi9SZXNvdXJjZXM8PC9Gb250PDwvRjE8PC9UeXBlL0ZvbnQvU3VidHlwZS9UeXBlMS9CYXNlRm9udC9IZWxtZXRpY2E+Pj4+Pj4vUHJvY1NldFs+XT4vQ29udGVudHMgNCAwIFI+PmVuZG9iCjQgMCBvYmo8PC9MZW5ndGggNDQvRmlsdGVyL0ZsYXRlRGVjb2RlPj5zdHJlYW0KeJwr5HIKZXLh0uRyVVGqKkWFBdkpOZlpmSmVXJpcDkxGBZn56ZVcmlxOXIpcPlyKXH5chiXZ+XmVXJpcDlyKXH5cunwuXD5cunwKXAZcDlyGXA5chlwOXIZcDlyGXAZcDlyGXAZcDlyGXAZcBlwOXAZcDlyGXAZcDlyGXAZcD"
          },
          {
            "name": "Test Player 5",
            "age": 25,
            "phone": "98976543205",
            "role": "Bowler",
            "jersey_number": "05",
            "aadhar_file": "data:image/jpeg;base64,/9j/4AAQSkZJRgABAQEAYABgAAD/2wBDAAEBAQEBAQEBAQEBAQEBAQEBAQEBAQEBAQEBAQEBAQEBAQEBAQEBAQEBAQEBAQEBAQEBAQEBAQEBAQEBAQEBAQH/2wBDAQEBAQEBAQEBAQEBAQEBAQEBAQEBAQEBAQEBAQEBAQEBAQEBAQEBAQEBAQEBAQEBAQEBAQEBAQEBAQEBAQEBAQH/wAARCAABAAEDASIAAhEBAxEB/8QAFQABAQAAAAAAAAAAAAAAAAAAAAv/xAAUEAEAAAAAAAAAAAAAAAAAAAAA/8VAFQEBAQAAAAAAAAAAAAAAAAAAAAX/xAAUEQEAAAAAAAAAAAAAAAAAAAAA/9oADAMBAAIRAxEAPwCwAA8A/9k=",
            "subscription_file": "data:application/pdf;base64,JVBERi0xLjQKJeLjz9MNCjEgMCBvYmo8PC9UeXBlL0NhdGFsb2cvUGFnZXMgMiAwIFI+PmVuZG9iagoyIDAgb2JqPDwvVHlwZS9QYWdlcwovS2lkc1szIDAgUl0vQ291bnQgMT4+ZW5kCjMgMCBvYmo8PC9UeXBlL1BhZ2UvTWVkaWFCb3hbMCAwIDYxMiA3OTJdL1BhcmVudCAyIDAgUi9SZXNvdXJjZXM8PC9Gb250PDwvRjE8PC9UeXBlL0ZvbnQvU3VidHlwZS9UeXBlMS9CYXNlRm9udC9IZWxtZXRpY2E+Pj4+Pj4vUHJvY1NldFs+XT4vQ29udGVudHMgNCAwIFI+PmVuZG9iCjQgMCBvYmo8PC9MZW5ndGggNDQvRmlsdGVyL0ZsYXRlRGVjb2RlPj5zdHJlYW0KeJwr5HIKZXLh0uRyVVGqKkWFBdkpOZlpmSmVXJpcDkxGBZn56ZVcmlxOXIpcPlyKXH5chiXZ+XmVXJpcDlyKXH5cunwuXD5cunwKXAZcDlyGXA5chlwOXIZcDlyGXAZcDlyGXAZcDlyGXAZcBlwOXAZcDlyGXAZcDlyGXAZcD"
          },
          {
            "name": "Test Player 6",
            "age": 26,
            "phone": "98976543206",
            "role": "All-rounder",
            "jersey_number": "06",
            "aadhar_file": "data:image/jpeg;base64,/9j/4AAQSkZJRgABAQEAYABgAAD/2wBDAAEBAQEBAQEBAQEBAQEBAQEBAQEBAQEBAQEBAQEBAQEBAQEBAQEBAQEBAQEBAQEBAQEBAQEBAQEBAQEBAQEBAQH/2wBDAQEBAQEBAQEBAQEBAQEBAQEBAQEBAQEBAQEBAQEBAQEBAQEBAQEBAQEBAQEBAQEBAQEBAQEBAQEBAQEBAQEBAQH/wAARCAABAAEDASIAAhEBAxEB/8QAFQABAQAAAAAAAAAAAAAAAAAAAAv/xAAUEAEAAAAAAAAAAAAAAAAAAAAA/8VAFQEBAQAAAAAAAAAAAAAAAAAAAAX/xAAUEQEAAAAAAAAAAAAAAAAAAAAA/9oADAMBAAIRAxEAPwCwAA8A/9k=",
            "subscription_file": "data:application/pdf;base64,JVBERi0xLjQKJeLjz9MNCjEgMCBvYmo8PC9UeXBlL0NhdGFsb2cvUGFnZXMgMiAwIFI+PmVuZG9iagoyIDAgb2JqPDwvVHlwZS9QYWdlcwovS2lkc1szIDAgUl0vQ291bnQgMT4+ZW5kCjMgMCBvYmo8PC9UeXBlL1BhZ2UvTWVkaWFCb3hbMCAwIDYxMiA3OTJdL1BhcmVudCAyIDAgUi9SZXNvdXJjZXM8PC9Gb250PDwvRjE8PC9UeXBlL0ZvbnQvU3VidHlwZS9UeXBlMS9CYXNlRm9udC9IZWxtZXRpY2E+Pj4+Pj4vUHJvY1NldFs+XT4vQ29udGVudHMgNCAwIFI+PmVuZG9iCjQgMCBvYmo8PC9MZW5ndGggNDQvRmlsdGVyL0ZsYXRlRGVjb2RlPj5zdHJlYW0KeJwr5HIKZXLh0uRyVVGqKkWFBdkpOZlpmSmVXJpcDkxGBZn56ZVcmlxOXIpcPlyKXH5chiXZ+XmVXJpcDlyKXH5cunwuXD5cunwKXAZcDlyGXA5chlwOXIZcDlyGXAZcDlyGXAZcDlyGXAZcBlwOXAZcDlyGXAZcDlyGXAZcD"
          },
          {
            "name": "Test Player 7",
            "age": 27,
            "phone": "98976543207",
            "role": "Wicketkeeper",
            "jersey_number": "07",
            "aadhar_file": "data:image/jpeg;base64,/9j/4AAQSkZJRgABAQEAYABgAAD/2wBDAAEBAQEBAQEBAQEBAQEBAQEBAQEBAQEBAQEBAQEBAQEBAQEBAQEBAQEBAQEBAQEBAQEBAQEBAQEBAQEBAQEBAQH/2wBDAQEBAQEBAQEBAQEBAQEBAQEBAQEBAQEBAQEBAQEBAQEBAQEBAQEBAQEBAQEBAQEBAQEBAQEBAQEBAQEBAQEBAQH/wAARCAABAAEDASIAAhEBAxEB/8QAFQABAQAAAAAAAAAAAAAAAAAAAAv/xAAUEAEAAAAAAAAAAAAAAAAAAAAA/8VAFQEBAQAAAAAAAAAAAAAAAAAAAAX/xAAUEQEAAAAAAAAAAAAAAAAAAAAA/9oADAMBAAIRAxEAPwCwAA8A/9k=",
            "subscription_file": "data:application/pdf;base64,JVBERi0xLjQKJeLjz9MNCjEgMCBvYmo8PC9UeXBlL0NhdGFsb2cvUGFnZXMgMiAwIFI+PmVuZG9iagoyIDAgb2JqPDwvVHlwZS9QYWdlcwovS2lkc1szIDAgUl0vQ291bnQgMT4+ZW5kCjMgMCBvYmo8PC9UeXBlL1BhZ2UvTWVkaWFCb3hbMCAwIDYxMiA3OTJdL1BhcmVudCAyIDAgUi9SZXNvdXJjZXM8PC9Gb250PDwvRjE8PC9UeXBlL0ZvbnQvU3VidHlwZS9UeXBlMS9CYXNlRm9udC9IZWxtZXRpY2E+Pj4+Pj4vUHJvY1NldFs+XT4vQ29udGVudHMgNCAwIFI+PmVuZG9iCjQgMCBvYmo8PC9MZW5ndGggNDQvRmlsdGVyL0ZsYXRlRGVjb2RlPj5zdHJlYW0KeJwr5HIKZXLh0uRyVVGqKkWFBdkpOZlpmSmVXJpcDkxGBZn56ZVcmlxOXIpcPlyKXH5chiXZ+XmVXJpcDlyKXH5cunwuXD5cunwKXAZcDlyGXA5chlwOXIZcDlyGXAZcDlyGXAZcDlyGXAZcBlwOXAZcDlyGXAZcDlyGXAZcD"
          },
          {
            "name": "Test Player 8",
            "age": 28,
            "phone": "98976543208",
            "role": "Batsman",
            "jersey_number": "08",
            "aadhar_file": "data:image/jpeg;base64,/9j/4AAQSkZJRgABAQEAYABgAAD/2wBDAAEBAQEBAQEBAQEBAQEBAQEBAQEBAQEBAQEBAQEBAQEBAQEBAQEBAQEBAQEBAQEBAQEBAQEBAQEBAQEBAQEBAQH/2wBDAQEBAQEBAQEBAQEBAQEBAQEBAQEBAQEBAQEBAQEBAQEBAQEBAQEBAQEBAQEBAQEBAQEBAQEBAQEBAQEBAQEBAQH/wAARCAABAAEDASIAAhEBAxEB/8QAFQABAQAAAAAAAAAAAAAAAAAAAAv/xAAUEAEAAAAAAAAAAAAAAAAAAAAA/8VAFQEBAQAAAAAAAAAAAAAAAAAAAAX/xAAUEQEAAAAAAAAAAAAAAAAAAAAA/9oADAMBAAIRAxEAPwCwAA8A/9k=",
            "subscription_file": "data:application/pdf;base64,JVBERi0xLjQKJeLjz9MNCjEgMCBvYmo8PC9UeXBlL0NhdGFsb2cvUGFnZXMgMiAwIFI+PmVuZG9iagoyIDAgb2JqPDwvVHlwZS9QYWdlcwovS2lkc1szIDAgUl0vQ291bnQgMT4+ZW5kCjMgMCBvYmo8PC9UeXBlL1BhZ2UvTWVkaWFCb3hbMCAwIDYxMiA3OTJdL1BhcmVudCAyIDAgUi9SZXNvdXJjZXM8PC9Gb250PDwvRjE8PC9UeXBlL0ZvbnQvU3VidHlwZS9UeXBlMS9CYXNlRm9udC9IZWxtZXRpY2E+Pj4+Pj4vUHJvY1NldFs+XT4vQ29udGVudHMgNCAwIFI+PmVuZG9iCjQgMCBvYmo8PC9MZW5ndGggNDQvRmlsdGVyL0ZsYXRlRGVjb2RlPj5zdHJlYW0KeJwr5HIKZXLh0uRyVVGqKkWFBdkpOZlpmSmVXJpcDkxGBZn56ZVcmlxOXIpcPlyKXH5chiXZ+XmVXJpcDlyKXH5cunwuXD5cunwKXAZcDlyGXA5chlwOXIZcDlyGXAZcDlyGXAZcDlyGXAZcBlwOXAZcDlyGXAZcDlyGXAZcD"
          },
          {
            "name": "Test Player 9",
            "age": 29,
            "phone": "98976543209",
            "role": "Bowler",
            "jersey_number": "09",
            "aadhar_file": "data:image/jpeg;base64,/9j/4AAQSkZJRgABAQEAYABgAAD/2wBDAAEBAQEBAQEBAQEBAQEBAQEBAQEBAQEBAQEBAQEBAQEBAQEBAQEBAQEBAQEBAQEBAQEBAQEBAQEBAQEBAQEBAQH/2wBDAQEBAQEBAQEBAQEBAQEBAQEBAQEBAQEBAQEBAQEBAQEBAQEBAQEBAQEBAQEBAQEBAQEBAQEBAQEBAQEBAQEBAQH/wAARCAABAAEDASIAAhEBAxEB/8QAFQABAQAAAAAAAAAAAAAAAAAAAAv/xAAUEAEAAAAAAAAAAAAAAAAAAAAA/8VAFQEBAQAAAAAAAAAAAAAAAAAAAAX/xAAUEQEAAAAAAAAAAAAAAAAAAAAA/9oADAMBAAIRAxEAPwCwAA8A/9k=",
            "subscription_file": "data:application/pdf;base64,JVBERi0xLjQKJeLjz9MNCjEgMCBvYmo8PC9UeXBlL0NhdGFsb2cvUGFnZXMgMiAwIFI+PmVuZG9iagoyIDAgb2JqPDwvVHlwZS9QYWdlcwovS2lkc1szIDAgUl0vQ291bnQgMT4+ZW5kCjMgMCBvYmo8PC9UeXBlL1BhZ2UvTWVkaWFCb3hbMCAwIDYxMiA3OTJdL1BhcmVudCAyIDAgUi9SZXNvdXJjZXM8PC9Gb250PDwvRjE8PC9UeXBlL0ZvbnQvU3VidHlwZS9UeXBlMS9CYXNlRm9udC9IZWxtZXRpY2E+Pj4+Pj4vUHJvY1NldFs+XT4vQ29udGVudHMgNCAwIFI+PmVuZG9iCjQgMCBvYmo8PC9MZW5ndGggNDQvRmlsdGVyL0ZsYXRlRGVjb2RlPj5zdHJlYW0KeJwr5HIKZXLh0uRyVVGqKkWFBdkpOZlpmSmVXJpcDkxGBZn56ZVcmlxOXIpcPlyKXH5chiXZ+XmVXJpcDlyKXH5cunwuXD5cunwKXAZcDlyGXA5chlwOXIZcDlyGXAZcDlyGXAZcDlyGXAZcBlwOXAZcDlyGXAZcDlyGXAZcD"
          },
          {
            "name": "Test Player 10",
            "age": 30,
            "phone": "98976543210",
            "role": "All-rounder",
            "jersey_number": "10",
            "aadhar_file": "data:image/jpeg;base64,/9j/4AAQSkZJRgABAQEAYABgAAD/2wBDAAEBAQEBAQEBAQEBAQEBAQEBAQEBAQEBAQEBAQEBAQEBAQEBAQEBAQEBAQEBAQEBAQEBAQEBAQEBAQEBAQEBAQH/2wBDAQEBAQEBAQEBAQEBAQEBAQEBAQEBAQEBAQEBAQEBAQEBAQEBAQEBAQEBAQEBAQEBAQEBAQEBAQEBAQEBAQEBAQH/wAARCAABAAEDASIAAhEBAxEB/8QAFQABAQAAAAAAAAAAAAAAAAAAAAv/xAAUEAEAAAAAAAAAAAAAAAAAAAAA/8VAFQEBAQAAAAAAAAAAAAAAAAAAAAX/xAAUEQEAAAAAAAAAAAAAAAAAAAAA/9oADAMBAAIRAxEAPwCwAA8A/9k=",
            "subscription_file": "data:application/pdf;base64,JVBERi0xLjQKJeLjz9MNCjEgMCBvYmo8PC9UeXBlL0NhdGFsb2cvUGFnZXMgMiAwIFI+PmVuZG9iagoyIDAgb2JqPDwvVHlwZS9QYWdlcwovS2lkc1szIDAgUl0vQ291bnQgMT4+ZW5kCjMgMCBvYmo8PC9UeXBlL1BhZ2UvTWVkaWFCb3hbMCAwIDYxMiA3OTJdL1BhcmVudCAyIDAgUi9SZXNvdXJjZXM8PC9Gb250PDwvRjE8PC9UeXBlL0ZvbnQvU3VidHlwZS9UeXBlMS9CYXNlRm9udC9IZWxtZXRpY2E+Pj4+Pj4vUHJvY1NldFs+XT4vQ29udGVudHMgNCAwIFI+PmVuZG9iCjQgMCBvYmo8PC9MZW5ndGggNDQvRmlsdGVyL0ZsYXRlRGVjb2RlPj5zdHJlYW0KeJwr5HIKZXLh0uRyVVGqKkWFBdkpOZlpmSmVXJpcDkxGBZn56ZVcmlxOXIpcPlyKXH5chiXZ+XmVXJpcDlyKXH5cunwuXD5cunwKXAZcDlyGXA5chlwOXIZcDlyGXAZcDlyGXAZcDlyGXAZcBlwOXAZcDlyGXAZcDlyGXAZcD"
          },
          {
            "name": "Test Player 11",
            "age": 31,
            "phone": "98976543211",
            "role": "Wicketkeeper",
            "jersey_number": "11",
            "aadhar_file": "data:image/jpeg;base64,/9j/4AAQSkZJRgABAQEAYABgAAD/2wBDAAEBAQEBAQEBAQEBAQEBAQEBAQEBAQEBAQEBAQEBAQEBAQEBAQEBAQEBAQEBAQEBAQEBAQEBAQEBAQEBAQEBAQH/2wBDAQEBAQEBAQEBAQEBAQEBAQEBAQEBAQEBAQEBAQEBAQEBAQEBAQEBAQEBAQEBAQEBAQEBAQEBAQEBAQEBAQEBAQH/wAARCAABAAEDASIAAhEBAxEB/8QAFQABAQAAAAAAAAAAAAAAAAAAAAv/xAAUEAEAAAAAAAAAAAAAAAAAAAAA/8VAFQEBAQAAAAAAAAAAAAAAAAAAAAX/xAAUEQEAAAAAAAAAAAAAAAAAAAAA/9oADAMBAAIRAxEAPwCwAA8A/9k=",
            "subscription_file": "data:application/pdf;base64,JVBERi0xLjQKJeLjz9MNCjEgMCBvYmo8PC9UeXBlL0NhdGFsb2cvUGFnZXMgMiAwIFI+PmVuZG9iagoyIDAgb2JqPDwvVHlwZS9QYWdlcwovS2lkc1szIDAgUl0vQ291bnQgMT4+ZW5kCjMgMCBvYmo8PC9UeXBlL1BhZ2UvTWVkaWFCb3hbMCAwIDYxMiA3OTJdL1BhcmVudCAyIDAgUi9SZXNvdXJjZXM8PC9Gb250PDwvRjE8PC9UeXBlL0ZvbnQvU3VidHlwZS9UeXBlMS9CYXNlRm9udC9IZWxtZXRpY2E+Pj4+Pj4vUHJvY1NldFs+XT4vQ29udGVudHMgNCAwIFI+PmVuZG9iCjQgMCBvYmo8PC9MZW5ndGggNDQvRmlsdGVyL0ZsYXRlRGVjb2RlPj5zdHJlYW0KeJwr5HIKZXLh0uRyVVGqKkWFBdkpOZlpmSmVXJpcDkxGBZn56ZVcmlxOXIpcPlyKXH5chiXZ+XmVXJpcDlyKXH5cunwuXD5cunwKXAZcDlyGXA5chlwOXIZcDlyGXAZcDlyGXAZcDlyGXAZcBlwOXAZcDlyGXAZcDlyGXAZcD"
          }
        ]
      }
    },
    {
      "type": "missing",
      "loc": [
        "body",
        "viceCaptain"
      ],
      "msg": "Field required",
      "input": {
        "team_name": "Test Team 1762940050038",
        "church_name": "St. James Church",
        "captain_name": "Captain Test",
        "captain_phone": "9876543210",
        "captain_email": "captain@test.com",
        "captain_whatsapp": "9876543210",
        "vice_captain_name": "Vice Captain Test",
        "vice_captain_phone": "9876543211",
        "vice_captain_email": "vicecaptain@test.com",
        "vice_captain_whatsapp": "9876543211",
        "payment_receipt": "data:image/jpeg;base64,/9j/4AAQSkZJRgABAQEAYABgAAD/2wBDAAEBAQEBAQEBAQEBAQEBAQEBAQEBAQEBAQEBAQEBAQEBAQEBAQEBAQEBAQEBAQEBAQEBAQEBAQEBAQEBAQEBAQH/2wBDAQEBAQEBAQEBAQEBAQEBAQEBAQEBAQEBAQEBAQEBAQEBAQEBAQEBAQEBAQEBAQEBAQEBAQEBAQEBAQEBAQEBAQH/wAARCAABAAEDASIAAhEBAxEB/8QAFQABAQAAAAAAAAAAAAAAAAAAAAv/xAAUEAEAAAAAAAAAAAAAAAAAAAAA/8VAFQEBAQAAAAAAAAAAAAAAAAAAAAX/xAAUEQEAAAAAAAAAAAAAAAAAAAAA/9oADAMBAAIRAxEAPwCwAA8A/9k=",
        "pastor_letter": "data:application/pdf;base64,JVBERi0xLjQKJeLjz9MNCjEgMCBvYmo8PC9UeXBlL0NhdGFsb2cvUGFnZXMgMiAwIFI+PmVuZG9iagoyIDAgb2JqPDwvVHlwZS9QYWdlcwovS2lkc1szIDAgUl0vQ291bnQgMT4+ZW5kCjMgMCBvYmo8PC9UeXBlL1BhZ2UvTWVkaWFCb3hbMCAwIDYxMiA3OTJdL1BhcmVudCAyIDAgUi9SZXNvdXJjZXM8PC9Gb250PDwvRjE8PC9UeXBlL0ZvbnQvU3VidHlwZS9UeXBlMS9CYXNlRm9udC9IZWxtZXRpY2E+Pj4+Pj4vUHJvY1NldFs+XT4vQ29udGVudHMgNCAwIFI+PmVuZG9iCjQgMCBvYmo8PC9MZW5ndGggNDQvRmlsdGVyL0ZsYXRlRGVjb2RlPj5zdHJlYW0KeJwr5HIKZXLh0uRyVVGqKkWFBdkpOZlpmSmVXJpcDkxGBZn56ZVcmlxOXIpcPlyKXH5chiXZ+XmVXJpcDlyKXH5cunwuXD5cunwKXAZcDlyGXA5chlwOXIZcDlyGXAZcDlyGXAZcDlyGXAZcBlwOXAZcDlyGXAZcDlyGXAZcD",
        "players": [
          {
            "name": "Test Player 1",
            "age": 21,
            "phone": "98976543201",
            "role": "Bowler",
            "jersey_number": "01",
            "aadhar_file": "data:image/jpeg;base64,/9j/4AAQSkZJRgABAQEAYABgAAD/2wBDAAEBAQEBAQEBAQEBAQEBAQEBAQEBAQEBAQEBAQEBAQEBAQEBAQEBAQEBAQEBAQEBAQEBAQEBAQEBAQEBAQEBAQH/2wBDAQEBAQEBAQEBAQEBAQEBAQEBAQEBAQEBAQEBAQEBAQEBAQEBAQEBAQEBAQEBAQEBAQEBAQEBAQEBAQEBAQEBAQH/wAARCAABAAEDASIAAhEBAxEB/8QAFQABAQAAAAAAAAAAAAAAAAAAAAv/xAAUEAEAAAAAAAAAAAAAAAAAAAAA/8VAFQEBAQAAAAAAAAAAAAAAAAAAAAX/xAAUEQEAAAAAAAAAAAAAAAAAAAAA/9oADAMBAAIRAxEAPwCwAA8A/9k=",
            "subscription_file": "data:application/pdf;base64,JVBERi0xLjQKJeLjz9MNCjEgMCBvYmo8PC9UeXBlL0NhdGFsb2cvUGFnZXMgMiAwIFI+PmVuZG9iagoyIDAgb2JqPDwvVHlwZS9QYWdlcwovS2lkc1szIDAgUl0vQ291bnQgMT4+ZW5kCjMgMCBvYmo8PC9UeXBlL1BhZ2UvTWVkaWFCb3hbMCAwIDYxMiA3OTJdL1BhcmVudCAyIDAgUi9SZXNvdXJjZXM8PC9Gb250PDwvRjE8PC9UeXBlL0ZvbnQvU3VidHlwZS9UeXBlMS9CYXNlRm9udC9IZWxtZXRpY2E+Pj4+Pj4vUHJvY1NldFs+XT4vQ29udGVudHMgNCAwIFI+PmVuZG9iCjQgMCBvYmo8PC9MZW5ndGggNDQvRmlsdGVyL0ZsYXRlRGVjb2RlPj5zdHJlYW0KeJwr5HIKZXLh0uRyVVGqKkWFBdkpOZlpmSmVXJpcDkxGBZn56ZVcmlxOXIpcPlyKXH5chiXZ+XmVXJpcDlyKXH5cunwuXD5cunwKXAZcDlyGXA5chlwOXIZcDlyGXAZcDlyGXAZcDlyGXAZcBlwOXAZcDlyGXAZcDlyGXAZcD"
          },
          {
            "name": "Test Player 2",
            "age": 22,
            "phone": "98976543202",
            "role": "All-rounder",
            "jersey_number": "02",
            "aadhar_file": "data:image/jpeg;base64,/9j/4AAQSkZJRgABAQEAYABgAAD/2wBDAAEBAQEBAQEBAQEBAQEBAQEBAQEBAQEBAQEBAQEBAQEBAQEBAQEBAQEBAQEBAQEBAQEBAQEBAQEBAQEBAQEBAQH/2wBDAQEBAQEBAQEBAQEBAQEBAQEBAQEBAQEBAQEBAQEBAQEBAQEBAQEBAQEBAQEBAQEBAQEBAQEBAQEBAQEBAQEBAQH/wAARCAABAAEDASIAAhEBAxEB/8QAFQABAQAAAAAAAAAAAAAAAAAAAAv/xAAUEAEAAAAAAAAAAAAAAAAAAAAA/8VAFQEBAQAAAAAAAAAAAAAAAAAAAAX/xAAUEQEAAAAAAAAAAAAAAAAAAAAA/9oADAMBAAIRAxEAPwCwAA8A/9k=",
            "subscription_file": "data:application/pdf;base64,JVBERi0xLjQKJeLjz9MNCjEgMCBvYmo8PC9UeXBlL0NhdGFsb2cvUGFnZXMgMiAwIFI+PmVuZG9iagoyIDAgb2JqPDwvVHlwZS9QYWdlcwovS2lkc1szIDAgUl0vQ291bnQgMT4+ZW5kCjMgMCBvYmo8PC9UeXBlL1BhZ2UvTWVkaWFCb3hbMCAwIDYxMiA3OTJdL1BhcmVudCAyIDAgUi9SZXNvdXJjZXM8PC9Gb250PDwvRjE8PC9UeXBlL0ZvbnQvU3VidHlwZS9UeXBlMS9CYXNlRm9udC9IZWxtZXRpY2E+Pj4+Pj4vUHJvY1NldFs+XT4vQ29udGVudHMgNCAwIFI+PmVuZG9iCjQgMCBvYmo8PC9MZW5ndGggNDQvRmlsdGVyL0ZsYXRlRGVjb2RlPj5zdHJlYW0KeJwr5HIKZXLh0uRyVVGqKkWFBdkpOZlpmSmVXJpcDkxGBZn56ZVcmlxOXIpcPlyKXH5chiXZ+XmVXJpcDlyKXH5cunwuXD5cunwKXAZcDlyGXA5chlwOXIZcDlyGXAZcDlyGXAZcDlyGXAZcBlwOXAZcDlyGXAZcDlyGXAZcD"
          },
          {
            "name": "Test Player 3",
            "age": 23,
            "phone": "98976543203",
            "role": "Wicketkeeper",
            "jersey_number": "03",
            "aadhar_file": "data:image/jpeg;base64,/9j/4AAQSkZJRgABAQEAYABgAAD/2wBDAAEBAQEBAQEBAQEBAQEBAQEBAQEBAQEBAQEBAQEBAQEBAQEBAQEBAQEBAQEBAQEBAQEBAQEBAQEBAQEBAQEBAQH/2wBDAQEBAQEBAQEBAQEBAQEBAQEBAQEBAQEBAQEBAQEBAQEBAQEBAQEBAQEBAQEBAQEBAQEBAQEBAQEBAQEBAQEBAQH/wAARCAABAAEDASIAAhEBAxEB/8QAFQABAQAAAAAAAAAAAAAAAAAAAAv/xAAUEAEAAAAAAAAAAAAAAAAAAAAA/8VAFQEBAQAAAAAAAAAAAAAAAAAAAAX/xAAUEQEAAAAAAAAAAAAAAAAAAAAA/9oADAMBAAIRAxEAPwCwAA8A/9k=",
            "subscription_file": "data:application/pdf;base64,JVBERi0xLjQKJeLjz9MNCjEgMCBvYmo8PC9UeXBlL0NhdGFsb2cvUGFnZXMgMiAwIFI+PmVuZG9iagoyIDAgb2JqPDwvVHlwZS9QYWdlcwovS2lkc1szIDAgUl0vQ291bnQgMT4+ZW5kCjMgMCBvYmo8PC9UeXBlL1BhZ2UvTWVkaWFCb3hbMCAwIDYxMiA3OTJdL1BhcmVudCAyIDAgUi9SZXNvdXJjZXM8PC9Gb250PDwvRjE8PC9UeXBlL0ZvbnQvU3VidHlwZS9UeXBlMS9CYXNlRm9udC9IZWxtZXRpY2E+Pj4+Pj4vUHJvY1NldFs+XT4vQ29udGVudHMgNCAwIFI+PmVuZG9iCjQgMCBvYmo8PC9MZW5ndGggNDQvRmlsdGVyL0ZsYXRlRGVjb2RlPj5zdHJlYW0KeJwr5HIKZXLh0uRyVVGqKkWFBdkpOZlpmSmVXJpcDkxGBZn56ZVcmlxOXIpcPlyKXH5chiXZ+XmVXJpcDlyKXH5cunwuXD5cunwKXAZcDlyGXA5chlwOXIZcDlyGXAZcDlyGXAZcDlyGXAZcBlwOXAZcDlyGXAZcDlyGXAZcD"
          },
          {
            "name": "Test Player 4",
            "age": 24,
            "phone": "98976543204",
            "role": "Batsman",
            "jersey_number": "04",
            "aadhar_file": "data:image/jpeg;base64,/9j/4AAQSkZJRgABAQEAYABgAAD/2wBDAAEBAQEBAQEBAQEBAQEBAQEBAQEBAQEBAQEBAQEBAQEBAQEBAQEBAQEBAQEBAQEBAQEBAQEBAQEBAQEBAQEBAQH/2wBDAQEBAQEBAQEBAQEBAQEBAQEBAQEBAQEBAQEBAQEBAQEBAQEBAQEBAQEBAQEBAQEBAQEBAQEBAQEBAQEBAQEBAQH/wAARCAABAAEDASIAAhEBAxEB/8QAFQABAQAAAAAAAAAAAAAAAAAAAAv/xAAUEAEAAAAAAAAAAAAAAAAAAAAA/8VAFQEBAQAAAAAAAAAAAAAAAAAAAAX/xAAUEQEAAAAAAAAAAAAAAAAAAAAA/9oADAMBAAIRAxEAPwCwAA8A/9k=",
            "subscription_file": "data:application/pdf;base64,JVBERi0xLjQKJeLjz9MNCjEgMCBvYmo8PC9UeXBlL0NhdGFsb2cvUGFnZXMgMiAwIFI+PmVuZG9iagoyIDAgb2JqPDwvVHlwZS9QYWdlcwovS2lkc1szIDAgUl0vQ291bnQgMT4+ZW5kCjMgMCBvYmo8PC9UeXBlL1BhZ2UvTWVkaWFCb3hbMCAwIDYxMiA3OTJdL1BhcmVudCAyIDAgUi9SZXNvdXJjZXM8PC9Gb250PDwvRjE8PC9UeXBlL0ZvbnQvU3VidHlwZS9UeXBlMS9CYXNlRm9udC9IZWxtZXRpY2E+Pj4+Pj4vUHJvY1NldFs+XT4vQ29udGVudHMgNCAwIFI+PmVuZG9iCjQgMCBvYmo8PC9MZW5ndGggNDQvRmlsdGVyL0ZsYXRlRGVjb2RlPj5zdHJlYW0KeJwr5HIKZXLh0uRyVVGqKkWFBdkpOZlpmSmVXJpcDkxGBZn56ZVcmlxOXIpcPlyKXH5chiXZ+XmVXJpcDlyKXH5cunwuXD5cunwKXAZcDlyGXA5chlwOXIZcDlyGXAZcDlyGXAZcDlyGXAZcBlwOXAZcDlyGXAZcDlyGXAZcD"
          },
          {
            "name": "Test Player 5",
            "age": 25,
            "phone": "98976543205",
            "role": "Bowler",
            "jersey_number": "05",
            "aadhar_file": "data:image/jpeg;base64,/9j/4AAQSkZJRgABAQEAYABgAAD/2wBDAAEBAQEBAQEBAQEBAQEBAQEBAQEBAQEBAQEBAQEBAQEBAQEBAQEBAQEBAQEBAQEBAQEBAQEBAQEBAQEBAQEBAQH/2wBDAQEBAQEBAQEBAQEBAQEBAQEBAQEBAQEBAQEBAQEBAQEBAQEBAQEBAQEBAQEBAQEBAQEBAQEBAQEBAQEBAQEBAQH/wAARCAABAAEDASIAAhEBAxEB/8QAFQABAQAAAAAAAAAAAAAAAAAAAAv/xAAUEAEAAAAAAAAAAAAAAAAAAAAA/8VAFQEBAQAAAAAAAAAAAAAAAAAAAAX/xAAUEQEAAAAAAAAAAAAAAAAAAAAA/9oADAMBAAIRAxEAPwCwAA8A/9k=",
            "subscription_file": "data:application/pdf;base64,JVBERi0xLjQKJeLjz9MNCjEgMCBvYmo8PC9UeXBlL0NhdGFsb2cvUGFnZXMgMiAwIFI+PmVuZG9iagoyIDAgb2JqPDwvVHlwZS9QYWdlcwovS2lkc1szIDAgUl0vQ291bnQgMT4+ZW5kCjMgMCBvYmo8PC9UeXBlL1BhZ2UvTWVkaWFCb3hbMCAwIDYxMiA3OTJdL1BhcmVudCAyIDAgUi9SZXNvdXJjZXM8PC9Gb250PDwvRjE8PC9UeXBlL0ZvbnQvU3VidHlwZS9UeXBlMS9CYXNlRm9udC9IZWxtZXRpY2E+Pj4+Pj4vUHJvY1NldFs+XT4vQ29udGVudHMgNCAwIFI+PmVuZG9iCjQgMCBvYmo8PC9MZW5ndGggNDQvRmlsdGVyL0ZsYXRlRGVjb2RlPj5zdHJlYW0KeJwr5HIKZXLh0uRyVVGqKkWFBdkpOZlpmSmVXJpcDkxGBZn56ZVcmlxOXIpcPlyKXH5chiXZ+XmVXJpcDlyKXH5cunwuXD5cunwKXAZcDlyGXA5chlwOXIZcDlyGXAZcDlyGXAZcDlyGXAZcBlwOXAZcDlyGXAZcDlyGXAZcD"
          },
          {
            "name": "Test Player 6",
            "age": 26,
            "phone": "98976543206",
            "role": "All-rounder",
            "jersey_number": "06",
            "aadhar_file": "data:image/jpeg;base64,/9j/4AAQSkZJRgABAQEAYABgAAD/2wBDAAEBAQEBAQEBAQEBAQEBAQEBAQEBAQEBAQEBAQEBAQEBAQEBAQEBAQEBAQEBAQEBAQEBAQEBAQEBAQEBAQEBAQH/2wBDAQEBAQEBAQEBAQEBAQEBAQEBAQEBAQEBAQEBAQEBAQEBAQEBAQEBAQEBAQEBAQEBAQEBAQEBAQEBAQEBAQEBAQH/wAARCAABAAEDASIAAhEBAxEB/8QAFQABAQAAAAAAAAAAAAAAAAAAAAv/xAAUEAEAAAAAAAAAAAAAAAAAAAAA/8VAFQEBAQAAAAAAAAAAAAAAAAAAAAX/xAAUEQEAAAAAAAAAAAAAAAAAAAAA/9oADAMBAAIRAxEAPwCwAA8A/9k=",
            "subscription_file": "data:application/pdf;base64,JVBERi0xLjQKJeLjz9MNCjEgMCBvYmo8PC9UeXBlL0NhdGFsb2cvUGFnZXMgMiAwIFI+PmVuZG9iagoyIDAgb2JqPDwvVHlwZS9QYWdlcwovS2lkc1szIDAgUl0vQ291bnQgMT4+ZW5kCjMgMCBvYmo8PC9UeXBlL1BhZ2UvTWVkaWFCb3hbMCAwIDYxMiA3OTJdL1BhcmVudCAyIDAgUi9SZXNvdXJjZXM8PC9Gb250PDwvRjE8PC9UeXBlL0ZvbnQvU3VidHlwZS9UeXBlMS9CYXNlRm9udC9IZWxtZXRpY2E+Pj4+Pj4vUHJvY1NldFs+XT4vQ29udGVudHMgNCAwIFI+PmVuZG9iCjQgMCBvYmo8PC9MZW5ndGggNDQvRmlsdGVyL0ZsYXRlRGVjb2RlPj5zdHJlYW0KeJwr5HIKZXLh0uRyVVGqKkWFBdkpOZlpmSmVXJpcDkxGBZn56ZVcmlxOXIpcPlyKXH5chiXZ+XmVXJpcDlyKXH5cunwuXD5cunwKXAZcDlyGXA5chlwOXIZcDlyGXAZcDlyGXAZcDlyGXAZcBlwOXAZcDlyGXAZcDlyGXAZcD"
          },
          {
            "name": "Test Player 7",
            "age": 27,
            "phone": "98976543207",
            "role": "Wicketkeeper",
            "jersey_number": "07",
            "aadhar_file": "data:image/jpeg;base64,/9j/4AAQSkZJRgABAQEAYABgAAD/2wBDAAEBAQEBAQEBAQEBAQEBAQEBAQEBAQEBAQEBAQEBAQEBAQEBAQEBAQEBAQEBAQEBAQEBAQEBAQEBAQEBAQEBAQH/2wBDAQEBAQEBAQEBAQEBAQEBAQEBAQEBAQEBAQEBAQEBAQEBAQEBAQEBAQEBAQEBAQEBAQEBAQEBAQEBAQEBAQEBAQH/wAARCAABAAEDASIAAhEBAxEB/8QAFQABAQAAAAAAAAAAAAAAAAAAAAv/xAAUEAEAAAAAAAAAAAAAAAAAAAAA/8VAFQEBAQAAAAAAAAAAAAAAAAAAAAX/xAAUEQEAAAAAAAAAAAAAAAAAAAAA/9oADAMBAAIRAxEAPwCwAA8A/9k=",
            "subscription_file": "data:application/pdf;base64,JVBERi0xLjQKJeLjz9MNCjEgMCBvYmo8PC9UeXBlL0NhdGFsb2cvUGFnZXMgMiAwIFI+PmVuZG9iagoyIDAgb2JqPDwvVHlwZS9QYWdlcwovS2lkc1szIDAgUl0vQ291bnQgMT4+ZW5kCjMgMCBvYmo8PC9UeXBlL1BhZ2UvTWVkaWFCb3hbMCAwIDYxMiA3OTJdL1BhcmVudCAyIDAgUi9SZXNvdXJjZXM8PC9Gb250PDwvRjE8PC9UeXBlL0ZvbnQvU3VidHlwZS9UeXBlMS9CYXNlRm9udC9IZWxtZXRpY2E+Pj4+Pj4vUHJvY1NldFs+XT4vQ29udGVudHMgNCAwIFI+PmVuZG9iCjQgMCBvYmo8PC9MZW5ndGggNDQvRmlsdGVyL0ZsYXRlRGVjb2RlPj5zdHJlYW0KeJwr5HIKZXLh0uRyVVGqKkWFBdkpOZlpmSmVXJpcDkxGBZn56ZVcmlxOXIpcPlyKXH5chiXZ+XmVXJpcDlyKXH5cunwuXD5cunwKXAZcDlyGXA5chlwOXIZcDlyGXAZcDlyGXAZcDlyGXAZcBlwOXAZcDlyGXAZcDlyGXAZcD"
          },
          {
            "name": "Test Player 8",
            "age": 28,
            "phone": "98976543208",
            "role": "Batsman",
            "jersey_number": "08",
            "aadhar_file": "data:image/jpeg;base64,/9j/4AAQSkZJRgABAQEAYABgAAD/2wBDAAEBAQEBAQEBAQEBAQEBAQEBAQEBAQEBAQEBAQEBAQEBAQEBAQEBAQEBAQEBAQEBAQEBAQEBAQEBAQEBAQEBAQH/2wBDAQEBAQEBAQEBAQEBAQEBAQEBAQEBAQEBAQEBAQEBAQEBAQEBAQEBAQEBAQEBAQEBAQEBAQEBAQEBAQEBAQEBAQH/wAARCAABAAEDASIAAhEBAxEB/8QAFQABAQAAAAAAAAAAAAAAAAAAAAv/xAAUEAEAAAAAAAAAAAAAAAAAAAAA/8VAFQEBAQAAAAAAAAAAAAAAAAAAAAX/xAAUEQEAAAAAAAAAAAAAAAAAAAAA/9oADAMBAAIRAxEAPwCwAA8A/9k=",
            "subscription_file": "data:application/pdf;base64,JVBERi0xLjQKJeLjz9MNCjEgMCBvYmo8PC9UeXBlL0NhdGFsb2cvUGFnZXMgMiAwIFI+PmVuZG9iagoyIDAgb2JqPDwvVHlwZS9QYWdlcwovS2lkc1szIDAgUl0vQ291bnQgMT4+ZW5kCjMgMCBvYmo8PC9UeXBlL1BhZ2UvTWVkaWFCb3hbMCAwIDYxMiA3OTJdL1BhcmVudCAyIDAgUi9SZXNvdXJjZXM8PC9Gb250PDwvRjE8PC9UeXBlL0ZvbnQvU3VidHlwZS9UeXBlMS9CYXNlRm9udC9IZWxtZXRpY2E+Pj4+Pj4vUHJvY1NldFs+XT4vQ29udGVudHMgNCAwIFI+PmVuZG9iCjQgMCBvYmo8PC9MZW5ndGggNDQvRmlsdGVyL0ZsYXRlRGVjb2RlPj5zdHJlYW0KeJwr5HIKZXLh0uRyVVGqKkWFBdkpOZlpmSmVXJpcDkxGBZn56ZVcmlxOXIpcPlyKXH5chiXZ+XmVXJpcDlyKXH5cunwuXD5cunwKXAZcDlyGXA5chlwOXIZcDlyGXAZcDlyGXAZcDlyGXAZcBlwOXAZcDlyGXAZcDlyGXAZcD"
          },
          {
            "name": "Test Player 9",
            "age": 29,
            "phone": "98976543209",
            "role": "Bowler",
            "jersey_number": "09",
            "aadhar_file": "data:image/jpeg;base64,/9j/4AAQSkZJRgABAQEAYABgAAD/2wBDAAEBAQEBAQEBAQEBAQEBAQEBAQEBAQEBAQEBAQEBAQEBAQEBAQEBAQEBAQEBAQEBAQEBAQEBAQEBAQEBAQEBAQH/2wBDAQEBAQEBAQEBAQEBAQEBAQEBAQEBAQEBAQEBAQEBAQEBAQEBAQEBAQEBAQEBAQEBAQEBAQEBAQEBAQEBAQEBAQH/wAARCAABAAEDASIAAhEBAxEB/8QAFQABAQAAAAAAAAAAAAAAAAAAAAv/xAAUEAEAAAAAAAAAAAAAAAAAAAAA/8VAFQEBAQAAAAAAAAAAAAAAAAAAAAX/xAAUEQEAAAAAAAAAAAAAAAAAAAAA/9oADAMBAAIRAxEAPwCwAA8A/9k=",
            "subscription_file": "data:application/pdf;base64,JVBERi0xLjQKJeLjz9MNCjEgMCBvYmo8PC9UeXBlL0NhdGFsb2cvUGFnZXMgMiAwIFI+PmVuZG9iagoyIDAgb2JqPDwvVHlwZS9QYWdlcwovS2lkc1szIDAgUl0vQ291bnQgMT4+ZW5kCjMgMCBvYmo8PC9UeXBlL1BhZ2UvTWVkaWFCb3hbMCAwIDYxMiA3OTJdL1BhcmVudCAyIDAgUi9SZXNvdXJjZXM8PC9Gb250PDwvRjE8PC9UeXBlL0ZvbnQvU3VidHlwZS9UeXBlMS9CYXNlRm9udC9IZWxtZXRpY2E+Pj4+Pj4vUHJvY1NldFs+XT4vQ29udGVudHMgNCAwIFI+PmVuZG9iCjQgMCBvYmo8PC9MZW5ndGggNDQvRmlsdGVyL0ZsYXRlRGVjb2RlPj5zdHJlYW0KeJwr5HIKZXLh0uRyVVGqKkWFBdkpOZlpmSmVXJpcDkxGBZn56ZVcmlxOXIpcPlyKXH5chiXZ+XmVXJpcDlyKXH5cunwuXD5cunwKXAZcDlyGXA5chlwOXIZcDlyGXAZcDlyGXAZcDlyGXAZcBlwOXAZcDlyGXAZcDlyGXAZcD"
          },
          {
            "name": "Test Player 10",
            "age": 30,
            "phone": "98976543210",
            "role": "All-rounder",
            "jersey_number": "10",
            "aadhar_file": "data:image/jpeg;base64,/9j/4AAQSkZJRgABAQEAYABgAAD/2wBDAAEBAQEBAQEBAQEBAQEBAQEBAQEBAQEBAQEBAQEBAQEBAQEBAQEBAQEBAQEBAQEBAQEBAQEBAQEBAQEBAQEBAQH/2wBDAQEBAQEBAQEBAQEBAQEBAQEBAQEBAQEBAQEBAQEBAQEBAQEBAQEBAQEBAQEBAQEBAQEBAQEBAQEBAQEBAQEBAQH/wAARCAABAAEDASIAAhEBAxEB/8QAFQABAQAAAAAAAAAAAAAAAAAAAAv/xAAUEAEAAAAAAAAAAAAAAAAAAAAA/8VAFQEBAQAAAAAAAAAAAAAAAAAAAAX/xAAUEQEAAAAAAAAAAAAAAAAAAAAA/9oADAMBAAIRAxEAPwCwAA8A/9k=",
            "subscription_file": "data:application/pdf;base64,JVBERi0xLjQKJeLjz9MNCjEgMCBvYmo8PC9UeXBlL0NhdGFsb2cvUGFnZXMgMiAwIFI+PmVuZG9iagoyIDAgb2JqPDwvVHlwZS9QYWdlcwovS2lkc1szIDAgUl0vQ291bnQgMT4+ZW5kCjMgMCBvYmo8PC9UeXBlL1BhZ2UvTWVkaWFCb3hbMCAwIDYxMiA3OTJdL1BhcmVudCAyIDAgUi9SZXNvdXJjZXM8PC9Gb250PDwvRjE8PC9UeXBlL0ZvbnQvU3VidHlwZS9UeXBlMS9CYXNlRm9udC9IZWxtZXRpY2E+Pj4+Pj4vUHJvY1NldFs+XT4vQ29udGVudHMgNCAwIFI+PmVuZG9iCjQgMCBvYmo8PC9MZW5ndGggNDQvRmlsdGVyL0ZsYXRlRGVjb2RlPj5zdHJlYW0KeJwr5HIKZXLh0uRyVVGqKkWFBdkpOZlpmSmVXJpcDkxGBZn56ZVcmlxOXIpcPlyKXH5chiXZ+XmVXJpcDlyKXH5cunwuXD5cunwKXAZcDlyGXA5chlwOXIZcDlyGXAZcDlyGXAZcDlyGXAZcBlwOXAZcDlyGXAZcDlyGXAZcD"
          },
          {
            "name": "Test Player 11",
            "age": 31,
            "phone": "98976543211",
            "role": "Wicketkeeper",
            "jersey_number": "11",
            "aadhar_file": "data:image/jpeg;base64,/9j/4AAQSkZJRgABAQEAYABgAAD/2wBDAAEBAQEBAQEBAQEBAQEBAQEBAQEBAQEBAQEBAQEBAQEBAQEBAQEBAQEBAQEBAQEBAQEBAQEBAQEBAQEBAQEBAQH/2wBDAQEBAQEBAQEBAQEBAQEBAQEBAQEBAQEBAQEBAQEBAQEBAQEBAQEBAQEBAQEBAQEBAQEBAQEBAQEBAQEBAQEBAQH/wAARCAABAAEDASIAAhEBAxEB/8QAFQABAQAAAAAAAAAAAAAAAAAAAAv/xAAUEAEAAAAAAAAAAAAAAAAAAAAA/8VAFQEBAQAAAAAAAAAAAAAAAAAAAAX/xAAUEQEAAAAAAAAAAAAAAAAAAAAA/9oADAMBAAIRAxEAPwCwAA8A/9k=",
            "subscription_file": "data:application/pdf;base64,JVBERi0xLjQKJeLjz9MNCjEgMCBvYmo8PC9UeXBlL0NhdGFsb2cvUGFnZXMgMiAwIFI+PmVuZG9iagoyIDAgb2JqPDwvVHlwZS9QYWdlcwovS2lkc1szIDAgUl0vQ291bnQgMT4+ZW5kCjMgMCBvYmo8PC9UeXBlL1BhZ2UvTWVkaWFCb3hbMCAwIDYxMiA3OTJdL1BhcmVudCAyIDAgUi9SZXNvdXJjZXM8PC9Gb250PDwvRjE8PC9UeXBlL0ZvbnQvU3VidHlwZS9UeXBlMS9CYXNlRm9udC9IZWxtZXRpY2E+Pj4+Pj4vUHJvY1NldFs+XT4vQ29udGVudHMgNCAwIFI+PmVuZG9iCjQgMCBvYmo8PC9MZW5ndGggNDQvRmlsdGVyL0ZsYXRlRGVjb2RlPj5zdHJlYW0KeJwr5HIKZXLh0uRyVVGqKkWFBdkpOZlpmSmVXJpcDkxGBZn56ZVcmlxOXIpcPlyKXH5chiXZ+XmVXJpcDlyKXH5cunwuXD5cunwKXAZcDlyGXA5chlwOXIZcDlyGXAZcDlyGXAZcDlyGXAZcBlwOXAZcDlyGXAZcDlyGXAZcD"
          }
        ]
      }
    },
    {
      "type": "value_error",
      "loc": [
        "body",
        "players"
      ],
      "msg": "Value error, subscriptionFile: Invalid Base64 data: Invalid base64-encoded string: number of data characters (589) cannot be 1 more than a multiple of 4",
      "input": [
        {
          "name": "Test Player 1",
          "age": 21,
          "phone": "98976543201",
          "role": "Bowler",
          "jersey_number": "01",
          "aadhar_file": "data:image/jpeg;base64,/9j/4AAQSkZJRgABAQEAYABgAAD/2wBDAAEBAQEBAQEBAQEBAQEBAQEBAQEBAQEBAQEBAQEBAQEBAQEBAQEBAQEBAQEBAQEBAQEBAQEBAQEBAQEBAQEBAQH/2wBDAQEBAQEBAQEBAQEBAQEBAQEBAQEBAQEBAQEBAQEBAQEBAQEBAQEBAQEBAQEBAQEBAQEBAQEBAQEBAQEBAQEBAQH/wAARCAABAAEDASIAAhEBAxEB/8QAFQABAQAAAAAAAAAAAAAAAAAAAAv/xAAUEAEAAAAAAAAAAAAAAAAAAAAA/8VAFQEBAQAAAAAAAAAAAAAAAAAAAAX/xAAUEQEAAAAAAAAAAAAAAAAAAAAA/9oADAMBAAIRAxEAPwCwAA8A/9k=",
          "subscription_file": "data:application/pdf;base64,JVBERi0xLjQKJeLjz9MNCjEgMCBvYmo8PC9UeXBlL0NhdGFsb2cvUGFnZXMgMiAwIFI+PmVuZG9iagoyIDAgb2JqPDwvVHlwZS9QYWdlcwovS2lkc1szIDAgUl0vQ291bnQgMT4+ZW5kCjMgMCBvYmo8PC9UeXBlL1BhZ2UvTWVkaWFCb3hbMCAwIDYxMiA3OTJdL1BhcmVudCAyIDAgUi9SZXNvdXJjZXM8PC9Gb250PDwvRjE8PC9UeXBlL0ZvbnQvU3VidHlwZS9UeXBlMS9CYXNlRm9udC9IZWxtZXRpY2E+Pj4+Pj4vUHJvY1NldFs+XT4vQ29udGVudHMgNCAwIFI+PmVuZG9iCjQgMCBvYmo8PC9MZW5ndGggNDQvRmlsdGVyL0ZsYXRlRGVjb2RlPj5zdHJlYW0KeJwr5HIKZXLh0uRyVVGqKkWFBdkpOZlpmSmVXJpcDkxGBZn56ZVcmlxOXIpcPlyKXH5chiXZ+XmVXJpcDlyKXH5cunwuXD5cunwKXAZcDlyGXA5chlwOXIZcDlyGXAZcDlyGXAZcDlyGXAZcBlwOXAZcDlyGXAZcDlyGXAZcD"
        },
        {
          "name": "Test Player 2",
          "age": 22,
          "phone": "98976543202",
          "role": "All-rounder",
          "jersey_number": "02",
          "aadhar_file": "data:image/jpeg;base64,/9j/4AAQSkZJRgABAQEAYABgAAD/2wBDAAEBAQEBAQEBAQEBAQEBAQEBAQEBAQEBAQEBAQEBAQEBAQEBAQEBAQEBAQEBAQEBAQEBAQEBAQEBAQEBAQEBAQH/2wBDAQEBAQEBAQEBAQEBAQEBAQEBAQEBAQEBAQEBAQEBAQEBAQEBAQEBAQEBAQEBAQEBAQEBAQEBAQEBAQEBAQEBAQH/wAARCAABAAEDASIAAhEBAxEB/8QAFQABAQAAAAAAAAAAAAAAAAAAAAv/xAAUEAEAAAAAAAAAAAAAAAAAAAAA/8VAFQEBAQAAAAAAAAAAAAAAAAAAAAX/xAAUEQEAAAAAAAAAAAAAAAAAAAAA/9oADAMBAAIRAxEAPwCwAA8A/9k=",
          "subscription_file": "data:application/pdf;base64,JVBERi0xLjQKJeLjz9MNCjEgMCBvYmo8PC9UeXBlL0NhdGFsb2cvUGFnZXMgMiAwIFI+PmVuZG9iagoyIDAgb2JqPDwvVHlwZS9QYWdlcwovS2lkc1szIDAgUl0vQ291bnQgMT4+ZW5kCjMgMCBvYmo8PC9UeXBlL1BhZ2UvTWVkaWFCb3hbMCAwIDYxMiA3OTJdL1BhcmVudCAyIDAgUi9SZXNvdXJjZXM8PC9Gb250PDwvRjE8PC9UeXBlL0ZvbnQvU3VidHlwZS9UeXBlMS9CYXNlRm9udC9IZWxtZXRpY2E+Pj4+Pj4vUHJvY1NldFs+XT4vQ29udGVudHMgNCAwIFI+PmVuZG9iCjQgMCBvYmo8PC9MZW5ndGggNDQvRmlsdGVyL0ZsYXRlRGVjb2RlPj5zdHJlYW0KeJwr5HIKZXLh0uRyVVGqKkWFBdkpOZlpmSmVXJpcDkxGBZn56ZVcmlxOXIpcPlyKXH5chiXZ+XmVXJpcDlyKXH5cunwuXD5cunwKXAZcDlyGXA5chlwOXIZcDlyGXAZcDlyGXAZcDlyGXAZcBlwOXAZcDlyGXAZcDlyGXAZcD"
        },
        {
          "name": "Test Player 3",
          "age": 23,
          "phone": "98976543203",
          "role": "Wicketkeeper",
          "jersey_number": "03",
          "aadhar_file": "data:image/jpeg;base64,/9j/4AAQSkZJRgABAQEAYABgAAD/2wBDAAEBAQEBAQEBAQEBAQEBAQEBAQEBAQEBAQEBAQEBAQEBAQEBAQEBAQEBAQEBAQEBAQEBAQEBAQEBAQEBAQEBAQH/2wBDAQEBAQEBAQEBAQEBAQEBAQEBAQEBAQEBAQEBAQEBAQEBAQEBAQEBAQEBAQEBAQEBAQEBAQEBAQEBAQEBAQEBAQH/wAARCAABAAEDASIAAhEBAxEB/8QAFQABAQAAAAAAAAAAAAAAAAAAAAv/xAAUEAEAAAAAAAAAAAAAAAAAAAAA/8VAFQEBAQAAAAAAAAAAAAAAAAAAAAX/xAAUEQEAAAAAAAAAAAAAAAAAAAAA/9oADAMBAAIRAxEAPwCwAA8A/9k=",
          "subscription_file": "data:application/pdf;base64,JVBERi0xLjQKJeLjz9MNCjEgMCBvYmo8PC9UeXBlL0NhdGFsb2cvUGFnZXMgMiAwIFI+PmVuZG9iagoyIDAgb2JqPDwvVHlwZS9QYWdlcwovS2lkc1szIDAgUl0vQ291bnQgMT4+ZW5kCjMgMCBvYmo8PC9UeXBlL1BhZ2UvTWVkaWFCb3hbMCAwIDYxMiA3OTJdL1BhcmVudCAyIDAgUi9SZXNvdXJjZXM8PC9Gb250PDwvRjE8PC9UeXBlL0ZvbnQvU3VidHlwZS9UeXBlMS9CYXNlRm9udC9IZWxtZXRpY2E+Pj4+Pj4vUHJvY1NldFs+XT4vQ29udGVudHMgNCAwIFI+PmVuZG9iCjQgMCBvYmo8PC9MZW5ndGggNDQvRmlsdGVyL0ZsYXRlRGVjb2RlPj5zdHJlYW0KeJwr5HIKZXLh0uRyVVGqKkWFBdkpOZlpmSmVXJpcDkxGBZn56ZVcmlxOXIpcPlyKXH5chiXZ+XmVXJpcDlyKXH5cunwuXD5cunwKXAZcDlyGXA5chlwOXIZcDlyGXAZcDlyGXAZcDlyGXAZcBlwOXAZcDlyGXAZcDlyGXAZcD"
        },
        {
          "name": "Test Player 4",
          "age": 24,
          "phone": "98976543204",
          "role": "Batsman",
          "jersey_number": "04",
          "aadhar_file": "data:image/jpeg;base64,/9j/4AAQSkZJRgABAQEAYABgAAD/2wBDAAEBAQEBAQEBAQEBAQEBAQEBAQEBAQEBAQEBAQEBAQEBAQEBAQEBAQEBAQEBAQEBAQEBAQEBAQEBAQEBAQEBAQH/2wBDAQEBAQEBAQEBAQEBAQEBAQEBAQEBAQEBAQEBAQEBAQEBAQEBAQEBAQEBAQEBAQEBAQEBAQEBAQEBAQEBAQEBAQH/wAARCAABAAEDASIAAhEBAxEB/8QAFQABAQAAAAAAAAAAAAAAAAAAAAv/xAAUEAEAAAAAAAAAAAAAAAAAAAAA/8VAFQEBAQAAAAAAAAAAAAAAAAAAAAX/xAAUEQEAAAAAAAAAAAAAAAAAAAAA/9oADAMBAAIRAxEAPwCwAA8A/9k=",
          "subscription_file": "data:application/pdf;base64,JVBERi0xLjQKJeLjz9MNCjEgMCBvYmo8PC9UeXBlL0NhdGFsb2cvUGFnZXMgMiAwIFI+PmVuZG9iagoyIDAgb2JqPDwvVHlwZS9QYWdlcwovS2lkc1szIDAgUl0vQ291bnQgMT4+ZW5kCjMgMCBvYmo8PC9UeXBlL1BhZ2UvTWVkaWFCb3hbMCAwIDYxMiA3OTJdL1BhcmVudCAyIDAgUi9SZXNvdXJjZXM8PC9Gb250PDwvRjE8PC9UeXBlL0ZvbnQvU3VidHlwZS9UeXBlMS9CYXNlRm9udC9IZWxtZXRpY2E+Pj4+Pj4vUHJvY1NldFs+XT4vQ29udGVudHMgNCAwIFI+PmVuZG9iCjQgMCBvYmo8PC9MZW5ndGggNDQvRmlsdGVyL0ZsYXRlRGVjb2RlPj5zdHJlYW0KeJwr5HIKZXLh0uRyVVGqKkWFBdkpOZlpmSmVXJpcDkxGBZn56ZVcmlxOXIpcPlyKXH5chiXZ+XmVXJpcDlyKXH5cunwuXD5cunwKXAZcDlyGXA5chlwOXIZcDlyGXAZcDlyGXAZcDlyGXAZcBlwOXAZcDlyGXAZcDlyGXAZcD"
        },
        {
          "name": "Test Player 5",
          "age": 25,
          "phone": "98976543205",
          "role": "Bowler",
          "jersey_number": "05",
          "aadhar_file": "data:image/jpeg;base64,/9j/4AAQSkZJRgABAQEAYABgAAD/2wBDAAEBAQEBAQEBAQEBAQEBAQEBAQEBAQEBAQEBAQEBAQEBAQEBAQEBAQEBAQEBAQEBAQEBAQEBAQEBAQEBAQEBAQH/2wBDAQEBAQEBAQEBAQEBAQEBAQEBAQEBAQEBAQEBAQEBAQEBAQEBAQEBAQEBAQEBAQEBAQEBAQEBAQEBAQEBAQEBAQH/wAARCAABAAEDASIAAhEBAxEB/8QAFQABAQAAAAAAAAAAAAAAAAAAAAv/xAAUEAEAAAAAAAAAAAAAAAAAAAAA/8VAFQEBAQAAAAAAAAAAAAAAAAAAAAX/xAAUEQEAAAAAAAAAAAAAAAAAAAAA/9oADAMBAAIRAxEAPwCwAA8A/9k=",
          "subscription_file": "data:application/pdf;base64,JVBERi0xLjQKJeLjz9MNCjEgMCBvYmo8PC9UeXBlL0NhdGFsb2cvUGFnZXMgMiAwIFI+PmVuZG9iagoyIDAgb2JqPDwvVHlwZS9QYWdlcwovS2lkc1szIDAgUl0vQ291bnQgMT4+ZW5kCjMgMCBvYmo8PC9UeXBlL1BhZ2UvTWVkaWFCb3hbMCAwIDYxMiA3OTJdL1BhcmVudCAyIDAgUi9SZXNvdXJjZXM8PC9Gb250PDwvRjE8PC9UeXBlL0ZvbnQvU3VidHlwZS9UeXBlMS9CYXNlRm9udC9IZWxtZXRpY2E+Pj4+Pj4vUHJvY1NldFs+XT4vQ29udGVudHMgNCAwIFI+PmVuZG9iCjQgMCBvYmo8PC9MZW5ndGggNDQvRmlsdGVyL0ZsYXRlRGVjb2RlPj5zdHJlYW0KeJwr5HIKZXLh0uRyVVGqKkWFBdkpOZlpmSmVXJpcDkxGBZn56ZVcmlxOXIpcPlyKXH5chiXZ+XmVXJpcDlyKXH5cunwuXD5cunwKXAZcDlyGXA5chlwOXIZcDlyGXAZcDlyGXAZcDlyGXAZcBlwOXAZcDlyGXAZcDlyGXAZcD"
        },
        {
          "name": "Test Player 6",
          "age": 26,
          "phone": "98976543206",
          "role": "All-rounder",
          "jersey_number": "06",
          "aadhar_file": "data:image/jpeg;base64,/9j/4AAQSkZJRgABAQEAYABgAAD/2wBDAAEBAQEBAQEBAQEBAQEBAQEBAQEBAQEBAQEBAQEBAQEBAQEBAQEBAQEBAQEBAQEBAQEBAQEBAQEBAQEBAQEBAQH/2wBDAQEBAQEBAQEBAQEBAQEBAQEBAQEBAQEBAQEBAQEBAQEBAQEBAQEBAQEBAQEBAQEBAQEBAQEBAQEBAQEBAQEBAQH/wAARCAABAAEDASIAAhEBAxEB/8QAFQABAQAAAAAAAAAAAAAAAAAAAAv/xAAUEAEAAAAAAAAAAAAAAAAAAAAA/8VAFQEBAQAAAAAAAAAAAAAAAAAAAAX/xAAUEQEAAAAAAAAAAAAAAAAAAAAA/9oADAMBAAIRAxEAPwCwAA8A/9k=",
          "subscription_file": "data:application/pdf;base64,JVBERi0xLjQKJeLjz9MNCjEgMCBvYmo8PC9UeXBlL0NhdGFsb2cvUGFnZXMgMiAwIFI+PmVuZG9iagoyIDAgb2JqPDwvVHlwZS9QYWdlcwovS2lkc1szIDAgUl0vQ291bnQgMT4+ZW5kCjMgMCBvYmo8PC9UeXBlL1BhZ2UvTWVkaWFCb3hbMCAwIDYxMiA3OTJdL1BhcmVudCAyIDAgUi9SZXNvdXJjZXM8PC9Gb250PDwvRjE8PC9UeXBlL0ZvbnQvU3VidHlwZS9UeXBlMS9CYXNlRm9udC9IZWxtZXRpY2E+Pj4+Pj4vUHJvY1NldFs+XT4vQ29udGVudHMgNCAwIFI+PmVuZG9iCjQgMCBvYmo8PC9MZW5ndGggNDQvRmlsdGVyL0ZsYXRlRGVjb2RlPj5zdHJlYW0KeJwr5HIKZXLh0uRyVVGqKkWFBdkpOZlpmSmVXJpcDkxGBZn56ZVcmlxOXIpcPlyKXH5chiXZ+XmVXJpcDlyKXH5cunwuXD5cunwKXAZcDlyGXA5chlwOXIZcDlyGXAZcDlyGXAZcDlyGXAZcBlwOXAZcDlyGXAZcDlyGXAZcD"
        },
        {
          "name": "Test Player 7",
          "age": 27,
          "phone": "98976543207",
          "role": "Wicketkeeper",
          "jersey_number": "07",
          "aadhar_file": "data:image/jpeg;base64,/9j/4AAQSkZJRgABAQEAYABgAAD/2wBDAAEBAQEBAQEBAQEBAQEBAQEBAQEBAQEBAQEBAQEBAQEBAQEBAQEBAQEBAQEBAQEBAQEBAQEBAQEBAQEBAQEBAQH/2wBDAQEBAQEBAQEBAQEBAQEBAQEBAQEBAQEBAQEBAQEBAQEBAQEBAQEBAQEBAQEBAQEBAQEBAQEBAQEBAQEBAQEBAQH/wAARCAABAAEDASIAAhEBAxEB/8QAFQABAQAAAAAAAAAAAAAAAAAAAAv/xAAUEAEAAAAAAAAAAAAAAAAAAAAA/8VAFQEBAQAAAAAAAAAAAAAAAAAAAAX/xAAUEQEAAAAAAAAAAAAAAAAAAAAA/9oADAMBAAIRAxEAPwCwAA8A/9k=",
          "subscription_file": "data:application/pdf;base64,JVBERi0xLjQKJeLjz9MNCjEgMCBvYmo8PC9UeXBlL0NhdGFsb2cvUGFnZXMgMiAwIFI+PmVuZG9iagoyIDAgb2JqPDwvVHlwZS9QYWdlcwovS2lkc1szIDAgUl0vQ291bnQgMT4+ZW5kCjMgMCBvYmo8PC9UeXBlL1BhZ2UvTWVkaWFCb3hbMCAwIDYxMiA3OTJdL1BhcmVudCAyIDAgUi9SZXNvdXJjZXM8PC9Gb250PDwvRjE8PC9UeXBlL0ZvbnQvU3VidHlwZS9UeXBlMS9CYXNlRm9udC9IZWxtZXRpY2E+Pj4+Pj4vUHJvY1NldFs+XT4vQ29udGVudHMgNCAwIFI+PmVuZG9iCjQgMCBvYmo8PC9MZW5ndGggNDQvRmlsdGVyL0ZsYXRlRGVjb2RlPj5zdHJlYW0KeJwr5HIKZXLh0uRyVVGqKkWFBdkpOZlpmSmVXJpcDkxGBZn56ZVcmlxOXIpcPlyKXH5chiXZ+XmVXJpcDlyKXH5cunwuXD5cunwKXAZcDlyGXA5chlwOXIZcDlyGXAZcDlyGXAZcDlyGXAZcBlwOXAZcDlyGXAZcDlyGXAZcD"
        },
        {
          "name": "Test Player 8",
          "age": 28,
          "phone": "98976543208",
          "role": "Batsman",
          "jersey_number": "08",
          "aadhar_file": "data:image/jpeg;base64,/9j/4AAQSkZJRgABAQEAYABgAAD/2wBDAAEBAQEBAQEBAQEBAQEBAQEBAQEBAQEBAQEBAQEBAQEBAQEBAQEBAQEBAQEBAQEBAQEBAQEBAQEBAQEBAQEBAQH/2wBDAQEBAQEBAQEBAQEBAQEBAQEBAQEBAQEBAQEBAQEBAQEBAQEBAQEBAQEBAQEBAQEBAQEBAQEBAQEBAQEBAQEBAQH/wAARCAABAAEDASIAAhEBAxEB/8QAFQABAQAAAAAAAAAAAAAAAAAAAAv/xAAUEAEAAAAAAAAAAAAAAAAAAAAA/8VAFQEBAQAAAAAAAAAAAAAAAAAAAAX/xAAUEQEAAAAAAAAAAAAAAAAAAAAA/9oADAMBAAIRAxEAPwCwAA8A/9k=",
          "subscription_file": "data:application/pdf;base64,JVBERi0xLjQKJeLjz9MNCjEgMCBvYmo8PC9UeXBlL0NhdGFsb2cvUGFnZXMgMiAwIFI+PmVuZG9iagoyIDAgb2JqPDwvVHlwZS9QYWdlcwovS2lkc1szIDAgUl0vQ291bnQgMT4+ZW5kCjMgMCBvYmo8PC9UeXBlL1BhZ2UvTWVkaWFCb3hbMCAwIDYxMiA3OTJdL1BhcmVudCAyIDAgUi9SZXNvdXJjZXM8PC9Gb250PDwvRjE8PC9UeXBlL0ZvbnQvU3VidHlwZS9UeXBlMS9CYXNlRm9udC9IZWxtZXRpY2E+Pj4+Pj4vUHJvY1NldFs+XT4vQ29udGVudHMgNCAwIFI+PmVuZG9iCjQgMCBvYmo8PC9MZW5ndGggNDQvRmlsdGVyL0ZsYXRlRGVjb2RlPj5zdHJlYW0KeJwr5HIKZXLh0uRyVVGqKkWFBdkpOZlpmSmVXJpcDkxGBZn56ZVcmlxOXIpcPlyKXH5chiXZ+XmVXJpcDlyKXH5cunwuXD5cunwKXAZcDlyGXA5chlwOXIZcDlyGXAZcDlyGXAZcDlyGXAZcBlwOXAZcDlyGXAZcDlyGXAZcD"
        },
        {
          "name": "Test Player 9",
          "age": 29,
          "phone": "98976543209",
          "role": "Bowler",
          "jersey_number": "09",
          "aadhar_file": "data:image/jpeg;base64,/9j/4AAQSkZJRgABAQEAYABgAAD/2wBDAAEBAQEBAQEBAQEBAQEBAQEBAQEBAQEBAQEBAQEBAQEBAQEBAQEBAQEBAQEBAQEBAQEBAQEBAQEBAQEBAQEBAQH/2wBDAQEBAQEBAQEBAQEBAQEBAQEBAQEBAQEBAQEBAQEBAQEBAQEBAQEBAQEBAQEBAQEBAQEBAQEBAQEBAQEBAQEBAQH/wAARCAABAAEDASIAAhEBAxEB/8QAFQABAQAAAAAAAAAAAAAAAAAAAAv/xAAUEAEAAAAAAAAAAAAAAAAAAAAA/8VAFQEBAQAAAAAAAAAAAAAAAAAAAAX/xAAUEQEAAAAAAAAAAAAAAAAAAAAA/9oADAMBAAIRAxEAPwCwAA8A/9k=",
          "subscription_file": "data:application/pdf;base64,JVBERi0xLjQKJeLjz9MNCjEgMCBvYmo8PC9UeXBlL0NhdGFsb2cvUGFnZXMgMiAwIFI+PmVuZG9iagoyIDAgb2JqPDwvVHlwZS9QYWdlcwovS2lkc1szIDAgUl0vQ291bnQgMT4+ZW5kCjMgMCBvYmo8PC9UeXBlL1BhZ2UvTWVkaWFCb3hbMCAwIDYxMiA3OTJdL1BhcmVudCAyIDAgUi9SZXNvdXJjZXM8PC9Gb250PDwvRjE8PC9UeXBlL0ZvbnQvU3VidHlwZS9UeXBlMS9CYXNlRm9udC9IZWxtZXRpY2E+Pj4+Pj4vUHJvY1NldFs+XT4vQ29udGVudHMgNCAwIFI+PmVuZG9iCjQgMCBvYmo8PC9MZW5ndGggNDQvRmlsdGVyL0ZsYXRlRGVjb2RlPj5zdHJlYW0KeJwr5HIKZXLh0uRyVVGqKkWFBdkpOZlpmSmVXJpcDkxGBZn56ZVcmlxOXIpcPlyKXH5chiXZ+XmVXJpcDlyKXH5cunwuXD5cunwKXAZcDlyGXA5chlwOXIZcDlyGXAZcDlyGXAZcDlyGXAZcBlwOXAZcDlyGXAZcDlyGXAZcD"
        },
        {
          "name": "Test Player 10",
          "age": 30,
          "phone": "98976543210",
          "role": "All-rounder",
          "jersey_number": "10",
          "aadhar_file": "data:image/jpeg;base64,/9j/4AAQSkZJRgABAQEAYABgAAD/2wBDAAEBAQEBAQEBAQEBAQEBAQEBAQEBAQEBAQEBAQEBAQEBAQEBAQEBAQEBAQEBAQEBAQEBAQEBAQEBAQEBAQEBAQH/2wBDAQEBAQEBAQEBAQEBAQEBAQEBAQEBAQEBAQEBAQEBAQEBAQEBAQEBAQEBAQEBAQEBAQEBAQEBAQEBAQEBAQEBAQH/wAARCAABAAEDASIAAhEBAxEB/8QAFQABAQAAAAAAAAAAAAAAAAAAAAv/xAAUEAEAAAAAAAAAAAAAAAAAAAAA/8VAFQEBAQAAAAAAAAAAAAAAAAAAAAX/xAAUEQEAAAAAAAAAAAAAAAAAAAAA/9oADAMBAAIRAxEAPwCwAA8A/9k=",
          "subscription_file": "data:application/pdf;base64,JVBERi0xLjQKJeLjz9MNCjEgMCBvYmo8PC9UeXBlL0NhdGFsb2cvUGFnZXMgMiAwIFI+PmVuZG9iagoyIDAgb2JqPDwvVHlwZS9QYWdlcwovS2lkc1szIDAgUl0vQ291bnQgMT4+ZW5kCjMgMCBvYmo8PC9UeXBlL1BhZ2UvTWVkaWFCb3hbMCAwIDYxMiA3OTJdL1BhcmVudCAyIDAgUi9SZXNvdXJjZXM8PC9Gb250PDwvRjE8PC9UeXBlL0ZvbnQvU3VidHlwZS9UeXBlMS9CYXNlRm9udC9IZWxtZXRpY2E+Pj4+Pj4vUHJvY1NldFs+XT4vQ29udGVudHMgNCAwIFI+PmVuZG9iCjQgMCBvYmo8PC9MZW5ndGggNDQvRmlsdGVyL0ZsYXRlRGVjb2RlPj5zdHJlYW0KeJwr5HIKZXLh0uRyVVGqKkWFBdkpOZlpmSmVXJpcDkxGBZn56ZVcmlxOXIpcPlyKXH5chiXZ+XmVXJpcDlyKXH5cunwuXD5cunwKXAZcDlyGXA5chlwOXIZcDlyGXAZcDlyGXAZcDlyGXAZcBlwOXAZcDlyGXAZcDlyGXAZcD"
        },
        {
          "name": "Test Player 11",
          "age": 31,
          "phone": "98976543211",
          "role": "Wicketkeeper",
          "jersey_number": "11",
          "aadhar_file": "data:image/jpeg;base64,/9j/4AAQSkZJRgABAQEAYABgAAD/2wBDAAEBAQEBAQEBAQEBAQEBAQEBAQEBAQEBAQEBAQEBAQEBAQEBAQEBAQEBAQEBAQEBAQEBAQEBAQEBAQEBAQEBAQH/2wBDAQEBAQEBAQEBAQEBAQEBAQEBAQEBAQEBAQEBAQEBAQEBAQEBAQEBAQEBAQEBAQEBAQEBAQEBAQEBAQEBAQEBAQH/wAARCAABAAEDASIAAhEBAxEB/8QAFQABAQAAAAAAAAAAAAAAAAAAAAv/xAAUEAEAAAAAAAAAAAAAAAAAAAAA/8VAFQEBAQAAAAAAAAAAAAAAAAAAAAX/xAAUEQEAAAAAAAAAAAAAAAAAAAAA/9oADAMBAAIRAxEAPwCwAA8A/9k=",
          "subscription_file": "data:application/pdf;base64,JVBERi0xLjQKJeLjz9MNCjEgMCBvYmo8PC9UeXBlL0NhdGFsb2cvUGFnZXMgMiAwIFI+PmVuZG9iagoyIDAgb2JqPDwvVHlwZS9QYWdlcwovS2lkc1szIDAgUl0vQ291bnQgMT4+ZW5kCjMgMCBvYmo8PC9UeXBlL1BhZ2UvTWVkaWFCb3hbMCAwIDYxMiA3OTJdL1BhcmVudCAyIDAgUi9SZXNvdXJjZXM8PC9Gb250PDwvRjE8PC9UeXBlL0ZvbnQvU3VidHlwZS9UeXBlMS9CYXNlRm9udC9IZWxtZXRpY2E+Pj4+Pj4vUHJvY1NldFs+XT4vQ29udGVudHMgNCAwIFI+PmVuZG9iCjQgMCBvYmo8PC9MZW5ndGggNDQvRmlsdGVyL0ZsYXRlRGVjb2RlPj5zdHJlYW0KeJwr5HIKZXLh0uRyVVGqKkWFBdkpOZlpmSmVXJpcDkxGBZn56ZVcmlxOXIpcPlyKXH5chiXZ+XmVXJpcDlyKXH5cunwuXD5cunwKXAZcDlyGXA5chlwOXIZcDlyGXAZcDlyGXAZcDlyGXAZcBlwOXAZcDlyGXAZcDlyGXAZcD"
        }
      ],
      "ctx": {
        "error": "subscriptionFile: Invalid Base64 data: Invalid base64-encoded string: number of data characters (589) cannot be 1 more than a multiple of 4"
      }
    }
  ],
  "status_code": 422
}

Γ¥î ERROR: Request failed
Status: 422
Error: Unknown error

============================================================
Test Complete
============================================================

